март 14, 2025 1:12:52 ПР.ОБ. org.example.logger.LoggerUtil logInfo
INFO: stefan has logged in successfully
март 14, 2025 1:12:56 ПР.ОБ. org.example.logger.LoggerUtil logInfo
INFO: stefan has logged out
март 14, 2025 1:12:59 ПР.ОБ. org.example.logger.LoggerUtil logInfo
INFO: Unsuccessful login
март 14, 2025 1:13:05 ПР.ОБ. org.example.logger.LoggerUtil logInfo
INFO: admin has logged in successfully
март 14, 2025 1:13:12 ПР.ОБ. org.example.logger.LoggerUtil logInfo
INFO: admin has logged out
март 14, 2025 1:13:17 ПР.ОБ. org.example.logger.LoggerUtil logInfo
INFO: admin has logged in successfully
март 16, 2025 2:03:34 СЛ.ОБ. org.example.logger.LoggerUtil logInfo
INFO: admin has logged in successfully
март 16, 2025 2:03:37 СЛ.ОБ. org.example.logger.LoggerUtil logInfo
INFO: admin has logged out successfully
март 16, 2025 2:03:41 СЛ.ОБ. org.example.logger.LoggerUtil logInfo
INFO: user has logged in successfully
март 16, 2025 2:44:11 СЛ.ОБ. org.example.logger.LoggerUtil logWaring
WARNING: Login problem due to Invalid Username or Password
март 16, 2025 2:45:04 СЛ.ОБ. org.example.logger.LoggerUtil logWaring
WARNING: Login problem due to Invalid Username or Password
март 16, 2025 2:45:30 СЛ.ОБ. org.example.logger.LoggerUtil logInfo
INFO: admin has logged in successfully
март 16, 2025 2:45:32 СЛ.ОБ. org.example.logger.LoggerUtil logInfo
INFO: admin has logged out successfully
